<html>
<body>
<pre>
<h1>µVision Build Log</h1>
<h2>Tool Versions:</h2>
IDE-Version: ¶ÃVision V5.28.0.0
Copyright (C) 2019 ARM Ltd and ARM Germany GmbH. All rights reserved.
License Information: jing Microsoft, Microsoft, LIC=----
 
Tool Versions:
Toolchain:       MDK-Lite  Version: 5.28.0.0
Toolchain Path:  C:\Keil_v5\ARM\ARMCC\Bin
C Compiler:      Armcc.exe V5.06 update 6 (build 750)
Assembler:       Armasm.exe V5.06 update 6 (build 750)
Linker/Locator:  ArmLink.exe V5.06 update 6 (build 750)
Library Manager: ArmAr.exe V5.06 update 6 (build 750)
Hex Converter:   FromElf.exe V5.06 update 6 (build 750)
CPU DLL:         SARMCM3.DLL V5.28.0.0
Dialog DLL:      DCM.DLL V1.17.3.0
Target DLL:      lmidk-agdi.dll V???
Dialog DLL:      TCM.DLL V1.36.2.0
 
<h2>Project:</h2>
C:\Users\Administrator\Google ‘∆∂À”≤≈Ã\COMP6900 Embedded System Programming\Labs\Assignments\Assignment04\Assignment04-2\Assignment04-2.uvprojx
Project File Date:  11/02/2019

<h2>Output:</h2>
*** Using Compiler 'V5.06 update 6 (build 750)', folder: 'C:\Keil_v5\ARM\ARMCC\Bin'
Build target 'Target 1'
compiling Assignment04-2.c...
Assignment04-2.c(14): warning:  #550-D: variable "elapsed"  was set but never used
  static uint32_t elapsed=0x00;
Assignment04-2.c(16): warning:  #550-D: variable "northG"  was set but never used
  static uint32_t northG = 0x00;
Assignment04-2.c(17): warning:  #550-D: variable "northY"  was set but never used
  static uint32_t northY = 0x00;
Assignment04-2.c(18): warning:  #550-D: variable "northR"  was set but never used
  static uint32_t northR = 0x00;
Assignment04-2.c(20): warning:  #550-D: variable "eastG"  was set but never used
  static uint32_t eastG = 0x00;
Assignment04-2.c(21): warning:  #550-D: variable "eastY"  was set but never used
  static uint32_t eastY = 0x00;
Assignment04-2.c(22): warning:  #550-D: variable "eastR"  was set but never used
  static uint32_t eastR = 0x00;
Assignment04-2.c: 7 warnings, 0 errors
linking...
Program Size: Code=824 RO-data=992 RW-data=44 ZI-data=1028  
FromELF: creating hex file...
".\Objects\Assignment04-2.axf" - 0 Error(s), 7 Warning(s).

<h2>Software Packages used:</h2>

Package Vendor: ARM
                http://www.keil.com/pack/ARM.CMSIS.5.5.1.pack
                ARM.CMSIS.5.5.1
                CMSIS (Cortex Microcontroller Software Interface Standard)
   * Component: CORE Version: 5.2.0
   * Component: Startup Version: 1.1.0

<h2>Collection of Component include folders:</h2>
  .\RTE\_Target_1
  C:\Users\Administrator\AppData\Local\Arm\Packs\ARM\CMSIS\5.5.1\CMSIS\Core\Include
  C:\Users\Administrator\AppData\Local\Arm\Packs\ARM\CMSIS\5.5.1\Device\ARM\ARMCM4\Include

<h2>Collection of Component Files used:</h2>

   * Component: ARM::CMSIS:CORE:5.2.0

   * Component: ARM::Device:Startup:1.1.0
      Source file:   Device\ARM\ARMCM4\Source\ARM\startup_ARMCM4.s
      Source file:   Device\ARM\ARMCM4\Source\system_ARMCM4.c
Build Time Elapsed:  00:00:01
</pre>
</body>
</html>
